[SAM2 EPISODE 1/81] bleach0_black10
[SAM2 CACHE HIT] bleach0_black10
[SAM2 EPISODE 2/81] bleach0_black10_2
[SAM2 CACHE HIT] bleach0_black10_2
[SAM2 EPISODE 3/81] bleach0_black10_3
[SAM2 CACHE HIT] bleach0_black10_3
[SAM2 EPISODE 4/81] bleach0_black10_4
[SAM2 CACHE HIT] bleach0_black10_4
[SAM2 EPISODE 5/81] bleach0_black10_5
[SAM2 CACHE HIT] bleach0_black10_5
[SAM2 EPISODE 6/81] bleach0_clean
[SAM2 CACHE HIT] bleach0_clean
[SAM2 EPISODE 7/81] bleach0_drop60
[SAM2 CACHE HIT] bleach0_drop60
[SAM2 EPISODE 8/81] bleach0_occ40
[SAM2 CACHE HIT] bleach0_occ40
[SAM2 EPISODE 9/81] bleach0_occ60
[SAM2 CACHE HIT] bleach0_occ60
[SAM2 EPISODE 10/81] bleach_hard_00_03_chaitanya_black10
[SAM2 CACHE HIT] bleach_hard_00_03_chaitanya_black10
[SAM2 EPISODE 11/81] bleach_hard_00_03_chaitanya_black10_2
[SAM2 CACHE HIT] bleach_hard_00_03_chaitanya_black10_2
[SAM2 EPISODE 12/81] bleach_hard_00_03_chaitanya_black10_3
[SAM2 CACHE HIT] bleach_hard_00_03_chaitanya_black10_3
[SAM2 EPISODE 13/81] bleach_hard_00_03_chaitanya_black10_4
[SAM2 CACHE HIT] bleach_hard_00_03_chaitanya_black10_4
[SAM2 EPISODE 14/81] bleach_hard_00_03_chaitanya_black10_5
[SAM2 CACHE HIT] bleach_hard_00_03_chaitanya_black10_5
[SAM2 EPISODE 15/81] bleach_hard_00_03_chaitanya_clean
[SAM2 CACHE HIT] bleach_hard_00_03_chaitanya_clean
[SAM2 EPISODE 16/81] bleach_hard_00_03_chaitanya_drop60
[SAM2 CACHE HIT] bleach_hard_00_03_chaitanya_drop60
[SAM2 EPISODE 17/81] bleach_hard_00_03_chaitanya_occ40
[SAM2 CACHE HIT] bleach_hard_00_03_chaitanya_occ40
[SAM2 EPISODE 18/81] bleach_hard_00_03_chaitanya_occ60
[SAM2 CACHE HIT] bleach_hard_00_03_chaitanya_occ60
[SAM2 EPISODE 19/81] cracker_box_reorient_black10
[SAM2 CACHE HIT] cracker_box_reorient_black10
[SAM2 EPISODE 20/81] cracker_box_reorient_black10_2
[SAM2 CACHE HIT] cracker_box_reorient_black10_2
[SAM2 EPISODE 21/81] cracker_box_reorient_black10_3
[SAM2 CACHE HIT] cracker_box_reorient_black10_3
[SAM2 EPISODE 22/81] cracker_box_reorient_black10_4
[SAM2 CACHE HIT] cracker_box_reorient_black10_4
[SAM2 EPISODE 23/81] cracker_box_reorient_black10_5
[SAM2 CACHE HIT] cracker_box_reorient_black10_5
[SAM2 EPISODE 24/81] cracker_box_reorient_clean
[SAM2 CACHE HIT] cracker_box_reorient_clean
[SAM2 EPISODE 25/81] cracker_box_reorient_drop60
[SAM2 CACHE HIT] cracker_box_reorient_drop60
[SAM2 EPISODE 26/81] cracker_box_reorient_occ40
[SAM2 CACHE HIT] cracker_box_reorient_occ40
[SAM2 EPISODE 27/81] cracker_box_reorient_occ60
[SAM2 CACHE HIT] cracker_box_reorient_occ60
[SAM2 EPISODE 28/81] cracker_box_yalehand0_black10
[SAM2 CACHE HIT] cracker_box_yalehand0_black10
[SAM2 EPISODE 29/81] cracker_box_yalehand0_black10_2
[SAM2 CACHE HIT] cracker_box_yalehand0_black10_2
[SAM2 EPISODE 30/81] cracker_box_yalehand0_black10_3
[SAM2 CACHE HIT] cracker_box_yalehand0_black10_3
[SAM2 EPISODE 31/81] cracker_box_yalehand0_black10_4
[SAM2 CACHE HIT] cracker_box_yalehand0_black10_4
[SAM2 EPISODE 32/81] cracker_box_yalehand0_black10_5
[SAM2 CACHE HIT] cracker_box_yalehand0_black10_5
[SAM2 EPISODE 33/81] cracker_box_yalehand0_clean
[SAM2 CACHE HIT] cracker_box_yalehand0_clean
[SAM2 EPISODE 34/81] cracker_box_yalehand0_drop60
[SAM2 CACHE HIT] cracker_box_yalehand0_drop60
[SAM2 EPISODE 35/81] cracker_box_yalehand0_occ40
[SAM2 CACHE HIT] cracker_box_yalehand0_occ40
[SAM2 EPISODE 36/81] cracker_box_yalehand0_occ60
[SAM2 CACHE HIT] cracker_box_yalehand0_occ60
[SAM2 EPISODE 37/81] mustard0_black10
[SAM2 CACHE HIT] mustard0_black10
[SAM2 EPISODE 38/81] mustard0_black10_2
[SAM2 CACHE HIT] mustard0_black10_2
[SAM2 EPISODE 39/81] mustard0_black10_3
[SAM2 CACHE HIT] mustard0_black10_3
[SAM2 EPISODE 40/81] mustard0_black10_4
[SAM2 CACHE HIT] mustard0_black10_4
[SAM2 EPISODE 41/81] mustard0_black10_5
[SAM2 CACHE HIT] mustard0_black10_5
[SAM2 EPISODE 42/81] mustard0_clean
[SAM2 CACHE HIT] mustard0_clean
[SAM2 EPISODE 43/81] mustard0_drop60
[SAM2 CACHE HIT] mustard0_drop60
[SAM2 EPISODE 44/81] mustard0_occ40
[SAM2 CACHE HIT] mustard0_occ40
[SAM2 EPISODE 45/81] mustard0_occ60
[SAM2 CACHE HIT] mustard0_occ60
[SAM2 EPISODE 46/81] mustard_easy_00_02_black10
[SAM2 CACHE HIT] mustard_easy_00_02_black10
[SAM2 EPISODE 47/81] mustard_easy_00_02_black10_2
[SAM2 CACHE HIT] mustard_easy_00_02_black10_2
[SAM2 EPISODE 48/81] mustard_easy_00_02_black10_3
[SAM2 CACHE HIT] mustard_easy_00_02_black10_3
[SAM2 EPISODE 49/81] mustard_easy_00_02_black10_4
[SAM2 CACHE HIT] mustard_easy_00_02_black10_4
[SAM2 EPISODE 50/81] mustard_easy_00_02_black10_5
[SAM2 CACHE HIT] mustard_easy_00_02_black10_5
[SAM2 EPISODE 51/81] mustard_easy_00_02_clean
[SAM2 CACHE HIT] mustard_easy_00_02_clean
[SAM2 EPISODE 52/81] mustard_easy_00_02_drop60
[SAM2 CACHE HIT] mustard_easy_00_02_drop60
[SAM2 EPISODE 53/81] mustard_easy_00_02_occ40
[SAM2 CACHE HIT] mustard_easy_00_02_occ40
[SAM2 EPISODE 54/81] mustard_easy_00_02_occ60
[SAM2 CACHE HIT] mustard_easy_00_02_occ60
[SAM2 EPISODE 55/81] sugar_box1_black10
[SAM2 CACHE HIT] sugar_box1_black10
[SAM2 EPISODE 56/81] sugar_box1_black10_2
[SAM2 CACHE HIT] sugar_box1_black10_2
[SAM2 EPISODE 57/81] sugar_box1_black10_3
[SAM2 CACHE HIT] sugar_box1_black10_3
[SAM2 EPISODE 58/81] sugar_box1_black10_4
[SAM2 CACHE HIT] sugar_box1_black10_4
[SAM2 EPISODE 59/81] sugar_box1_black10_5
[SAM2 CACHE HIT] sugar_box1_black10_5
[SAM2 EPISODE 60/81] sugar_box1_clean
[SAM2 CACHE HIT] sugar_box1_clean
[SAM2 EPISODE 61/81] sugar_box1_drop60
[SAM2 CACHE HIT] sugar_box1_drop60
[SAM2 EPISODE 62/81] sugar_box1_occ40
[SAM2 CACHE HIT] sugar_box1_occ40
[SAM2 EPISODE 63/81] sugar_box1_occ60
[SAM2 CACHE HIT] sugar_box1_occ60
[SAM2 EPISODE 64/81] sugar_box_yalehand0_black10
[SAM2 CACHE HIT] sugar_box_yalehand0_black10
[SAM2 EPISODE 65/81] sugar_box_yalehand0_black10_2
[SAM2 CACHE HIT] sugar_box_yalehand0_black10_2
[SAM2 EPISODE 66/81] sugar_box_yalehand0_black10_3
[SAM2 CACHE HIT] sugar_box_yalehand0_black10_3
[SAM2 EPISODE 67/81] sugar_box_yalehand0_black10_4
[SAM2 CACHE HIT] sugar_box_yalehand0_black10_4
[SAM2 EPISODE 68/81] sugar_box_yalehand0_black10_5
[SAM2 CACHE HIT] sugar_box_yalehand0_black10_5
[SAM2 EPISODE 69/81] sugar_box_yalehand0_clean
[SAM2 CACHE HIT] sugar_box_yalehand0_clean
[SAM2 EPISODE 70/81] sugar_box_yalehand0_drop60
[SAM2 CACHE HIT] sugar_box_yalehand0_drop60
[SAM2 EPISODE 71/81] sugar_box_yalehand0_occ40
[SAM2 CACHE HIT] sugar_box_yalehand0_occ40
[SAM2 EPISODE 72/81] sugar_box_yalehand0_occ60
[SAM2 CACHE HIT] sugar_box_yalehand0_occ60
[SAM2 EPISODE 73/81] tomato_soup_can_yalehand0_black10
[SAM2 CACHE HIT] tomato_soup_can_yalehand0_black10
[SAM2 EPISODE 74/81] tomato_soup_can_yalehand0_black10_2
[SAM2 CACHE HIT] tomato_soup_can_yalehand0_black10_2
[SAM2 EPISODE 75/81] tomato_soup_can_yalehand0_black10_3
[SAM2 CACHE HIT] tomato_soup_can_yalehand0_black10_3
[SAM2 EPISODE 76/81] tomato_soup_can_yalehand0_black10_4
[SAM2 CACHE HIT] tomato_soup_can_yalehand0_black10_4
[SAM2 EPISODE 77/81] tomato_soup_can_yalehand0_black10_5
[SAM2 CACHE HIT] tomato_soup_can_yalehand0_black10_5
[SAM2 EPISODE 78/81] tomato_soup_can_yalehand0_clean
[SAM2 CACHE HIT] tomato_soup_can_yalehand0_clean
[SAM2 EPISODE 79/81] tomato_soup_can_yalehand0_drop60
[SAM2 CACHE HIT] tomato_soup_can_yalehand0_drop60
[SAM2 EPISODE 80/81] tomato_soup_can_yalehand0_occ40
[SAM2 CACHE HIT] tomato_soup_can_yalehand0_occ40
[SAM2 EPISODE 81/81] tomato_soup_can_yalehand0_occ60
[SAM2 CACHE HIT] tomato_soup_can_yalehand0_occ60
SAM2 CACHE READY: /root/autodl-tmp/se3TrackNet-B5-reproduction/all_runs/run_20260917T094822Z_236992_24438/04_q0_training/no_rollout_release/sam2_cache_index.json
