Manifest artifact verification passed: 70840 unique files
Collected fixed policy: mustard_easy_00_02_clean 689 frames
Collected fixed policy: mustard_easy_00_02_black10 689 frames
Collected fixed policy: mustard_easy_00_02_black10_2 689 frames
Collected fixed policy: mustard_easy_00_02_black10_3 689 frames
Collected fixed policy: mustard_easy_00_02_black10_4 689 frames
Collected fixed policy: mustard_easy_00_02_black10_5 689 frames
Collected fixed policy: mustard_easy_00_02_occ40 689 frames
Collected fixed policy: mustard_easy_00_02_occ60 689 frames
Collected fixed policy: mustard_easy_00_02_drop60 689 frames
Collected fixed policy: mustard0_clean 737 frames
Collected fixed policy: mustard0_black10 737 frames
Collected fixed policy: mustard0_black10_2 737 frames
Collected fixed policy: mustard0_black10_3 737 frames
Collected fixed policy: mustard0_black10_4 737 frames
Collected fixed policy: mustard0_black10_5 737 frames
Collected fixed policy: mustard0_occ40 737 frames
Collected fixed policy: mustard0_occ60 737 frames
Collected fixed policy: mustard0_drop60 737 frames
Collected fixed policy: bleach0_clean 663 frames
Collected fixed policy: bleach0_black10 663 frames
Collected fixed policy: bleach0_black10_2 663 frames
Collected fixed policy: bleach0_black10_3 663 frames
Collected fixed policy: bleach0_black10_4 663 frames
Collected fixed policy: bleach0_black10_5 663 frames
Collected fixed policy: bleach0_occ40 663 frames
Collected fixed policy: bleach0_occ60 663 frames
Collected fixed policy: bleach0_drop60 663 frames
Collected fixed policy: bleach_hard_00_03_chaitanya_clean 441 frames
Collected fixed policy: bleach_hard_00_03_chaitanya_black10 441 frames
Collected fixed policy: bleach_hard_00_03_chaitanya_black10_2 441 frames
Collected fixed policy: bleach_hard_00_03_chaitanya_black10_3 441 frames
Collected fixed policy: bleach_hard_00_03_chaitanya_black10_4 441 frames
Collected fixed policy: bleach_hard_00_03_chaitanya_black10_5 441 frames
Collected fixed policy: bleach_hard_00_03_chaitanya_occ40 441 frames
Collected fixed policy: bleach_hard_00_03_chaitanya_occ60 441 frames
Collected fixed policy: bleach_hard_00_03_chaitanya_drop60 441 frames
Fitting lightweight control: fixed_obs_only 22770 candidates
Fitting lightweight control: fixed_obs_duplicated_count_control 45540 candidates
Fitting lightweight control: fixed_obs_prior 45540 candidates
Fitting lightweight control: q0_policy_obs_prior_refit 45540 candidates
/root/autodl-tmp/se3TrackNet-B5-reproduction/claim_control_runs/refit_complete_20260921T065715Z_888930
