==========================================
Formal reproduction run started
UTC time: 2026-08-21T13:33:44Z
Git available: false
Git commit: not_available
Git dirty state: not_applicable
Run directory: ./reproduction_runs/run_20260821T133344Z_sourcehash
==========================================
[INFO] Optional bundle file not present; skipped: REPRODUCTION_README.md
[INFO] Optional bundle file not present; skipped: manifest_config.example.json
[INFO] Optional bundle file not present; skipped: .gitattributes
[INFO] Optional bundle file not present; skipped: .gitignore.example
Python 3.8.20
========== Automated Tests ==========
test_exact_blackout_and_recovery_interval (test_b5_policy_state.TestB5PolicyState) ... ok
test_short_gap_does_not_create_blackout_interval (test_b5_policy_state.TestB5PolicyState) ... ok
test_both_consumers_import_shared_transition (test_b5_shared_policy.TestSharedB5Policy) ... ok
test_transition_has_one_definition (test_b5_shared_policy.TestSharedB5Policy) ... ok
test_changed_content_is_a_hash_mismatch (test_manifest_builder.TestManifestBuilder) ... ok
test_duplicate_pose_frame_id_is_reported_before_overwrite (test_manifest_builder.TestManifestBuilder) ... ok
test_glob_enumeration_reordering_does_not_change_mapping (test_manifest_builder.TestManifestBuilder) ... ok
test_matching_runtime_passes (test_manifest_builder.TestManifestBuilder) ... ok
test_mismatched_frame_ids_are_reported (test_manifest_builder.TestManifestBuilder) ... ok
test_missing_file_is_reported (test_manifest_builder.TestManifestBuilder) ... ok
test_consumers_default_to_frozen_reference (test_manifest_consumers.TestManifestConsumers) ... ok
test_evaluation_consumer_checks_paths_and_sha256 (test_manifest_consumers.TestManifestConsumers) ... ok
test_risk_consumer_checks_missing_and_sha256 (test_manifest_consumers.TestManifestConsumers) ... ok
test_full_log_is_closed_before_portable_hash_manifest (test_reproduction_script.TestReproductionScript) ... ok
test_git_is_strict_when_available_and_source_hashes_are_fallback (test_reproduction_script.TestReproductionScript) ... ok
test_required_evidence_is_recorded (test_reproduction_script.TestReproductionScript) ... ok
test_requires_frozen_manifest_and_object_weight_root (test_reproduction_script.TestReproductionScript) ... ok
test_script_directory_works_when_invoked_as_bash_run_sh (test_reproduction_script.TestReproductionScript) ... ok
test_verification_precedes_consumers_and_reference_is_not_rebuilt (test_reproduction_script.TestReproductionScript) ... ok

----------------------------------------------------------------------
Ran 19 tests in 1.106s

OK
RUNNING 1-build.py VERSION TEST: 20260821
[s] manifest paths and SHA-256 values verified: 1 frames
Manifest artifact verification passed: 4 unique files
========== Step 1: Verify Frozen Reference Against Runtime ==========
RUNNING 1-build.py VERSION TEST: 20260821
Runtime inventory saved: ./reproduction_runs/run_20260821T133344Z_sourcehash/runtime_inventory.csv
Verification report saved: ./reproduction_runs/run_20260821T133344Z_sourcehash/input_verification.json
PASS: frozen reference and runtime inputs match exactly
Association method: official_ycbineoat_reference_sorted_index
Reference loader: https://github.com/wenbowen123/iros20-6d-pose-tracking/blob/master/predict.py#L630-L650
[LIMITATION] No independent YCBInEOAT timestamp-to-GT mapping is claimed.
========== Step 2: Risk Label Generation ==========
RUNNING 2-risk_label.py VERSION TEST: 20260821
Consuming frozen reference manifest: C:/Users/86138/Desktop/wyg_code/object_tracking_trial/se-TrackNet/reference_manifest.csv
Manifest artifact verification passed: 34748 unique files
物体 3D 直径 d_obj = 22.44 cm
物体 3D 直径 d_obj = 27.88 cm
物体 3D 直径 d_obj = 27.88 cm
阶段 1: 训练 observation-risk warm-start predictor...
阶段 1 完成。
阶段 2: bootstrap B5 rollout，生成初始prior-risk labels...
[Recovery] ICP recovery succeeded. Fitness: 1.0
[Recovery] ICP recovery succeeded. Fitness: 1.0
[Recovery] ICP recovery succeeded. Fitness: 1.0
[Recovery] ICP recovery succeeded. Fitness: 1.0
[Recovery] ICP recovery succeeded. Fitness: 1.0
[Recovery] ICP recovery succeeded. Fitness: 1.0
[Recovery] ICP recovery succeeded. Fitness: 1.0
[Recovery] ICP recovery succeeded. Fitness: 1.0
[Recovery] ICP recovery succeeded. Fitness: 1.0
阶段 2 完成:已得到用于最终label rollout的临时obs/prior predictor。
阶段 3: 使用完整 B5 transition 重新rollout并生成最终labels...
[Recovery] ICP recovery succeeded. Fitness: 1.0
[Recovery] ICP recovery succeeded. Fitness: 1.0
[Recovery] ICP recovery succeeded. Fitness: 1.0
[Recovery] ICP recovery succeeded. Fitness: 1.0
[Recovery] ICP recovery succeeded. Fitness: 1.0
[Recovery] ICP recovery succeeded. Fitness: 1.0
[Recovery] ICP recovery succeeded. Fitness: 1.0
[Recovery] ICP recovery succeeded. Fitness: 1.0
[Recovery] ICP recovery succeeded. Fitness: 1.0
[Recovery] ICP recovery succeeded. Fitness: 1.0
[Recovery] ICP recovery succeeded. Fitness: 1.0
[Recovery] ICP recovery succeeded. Fitness: 1.0
[Recovery] ICP recovery succeeded. Fitness: 1.0

============================================================
数据总行数: 10969
obs_risk=1 占比: 24.14%
prior_risk=1 占比: 26.68%
逐帧标签: ./per_frame_label_threshold1.0.csv
类别平衡: ./class_balance_summary_threshold1.0.csv
============================================================
========== Step 3: Clean Evaluation ==========

正在评估 Episode: bleach_hard_00_03_chaitanya_clean ...
正在载入 CSV 数据集并训练分类器...
训练集包含序列关键词: ['bleach0', 'mustard0'] | 行数: 4895
测试集 (单序列) 名称: bleach_hard_00_03_chaitanya_clean | 行数: 441
测试集 (全量变体) 名称: bleach_hard_00_03_chaitanya | 行数: 3969
frame_id=   0 | P(obs_bad)=0.2925 | P(prior_bad)=0.3471 | support=0.2037
frame_id=   1 | P(obs_bad)=0.3010 | P(prior_bad)=0.3546 | support=0.2118
frame_id=   4 | P(obs_bad)=0.3014 | P(prior_bad)=0.3556 | support=0.2201
frame_id=   5 | P(obs_bad)=0.3091 | P(prior_bad)=0.3598 | support=0.2053
frame_id=   6 | P(obs_bad)=0.3128 | P(prior_bad)=0.3619 | support=0.2011
frame_id=   7 | P(obs_bad)=0.3039 | P(prior_bad)=0.3557 | support=0.2034
frame_id=   8 | P(obs_bad)=0.3071 | P(prior_bad)=0.3576 | support=0.1995
frame_id=   9 | P(obs_bad)=0.3067 | P(prior_bad)=0.3575 | support=0.2007
frame_id=  10 | P(obs_bad)=0.3152 | P(prior_bad)=0.3637 | support=0.2007
frame_id=  11 | P(obs_bad)=0.3093 | P(prior_bad)=0.3598 | support=0.2037
正在测试序列上运行 6 个 Baselines PK...
[bleach_hard_00_03_chaitanya_clean] manifest paths and SHA-256 values verified: 441 frames
Counter({'MODE_1_ACCEPT': 441})
black_start: 0 | frame: None
black_end: None | frame: None
recovery_index: 10000000000 | frame: None

所有的 11 项交付物已全部生成完毕！图片与 CSV 已成功保存！

====================================================================================================
====================================================================================================
paired AUC 预期 5 个 blackout episodes, 当前得到 0 个: []
 Paired AUC comparison 已保存: ./checkpoint2_paired_auc_B5_vs_B1_threshold1.0.csv
   paired mean Δ(B5-B1) = nan percentage points
   paired episode-bootstrap 95% CI = [nan, nan]
Paired recovery-frame validation 已保存: ./checkpoint2_paired_recovery_B5_vs_B1_threshold1.0.csv
   paired mean Δerror(B5-B1) = nan cm
   paired episode-bootstrap 95% CI = [nan, nan]
5 大概率标定指标已成功导出为 CSV: ./checkpoint2_probability_calibration_metrics_threshold1.0.csv
全指标 Episode 级汇总表格已保存为: ./checkpoint2_full_metrics_episode_summary_bleach_hard_00_03_chaitanya_clean_threshold1.0.csv
========== Step 4: Five Blackout Evaluations ==========

正在评估 Episode: bleach_hard_00_03_chaitanya_black10 ...
正在载入 CSV 数据集并训练分类器...
训练集包含序列关键词: ['bleach0', 'mustard0'] | 行数: 4895
测试集 (单序列) 名称: bleach_hard_00_03_chaitanya_black10 | 行数: 441
测试集 (全量变体) 名称: bleach_hard_00_03_chaitanya | 行数: 3969
frame_id=   0 | P(obs_bad)=0.2924 | P(prior_bad)=0.3471 | support=0.2037
frame_id=   1 | P(obs_bad)=0.3010 | P(prior_bad)=0.3544 | support=0.2106
frame_id=   4 | P(obs_bad)=0.3017 | P(prior_bad)=0.3559 | support=0.2205
frame_id=   5 | P(obs_bad)=0.3082 | P(prior_bad)=0.3591 | support=0.2056
frame_id=   6 | P(obs_bad)=0.3134 | P(prior_bad)=0.3624 | support=0.2007
frame_id=   7 | P(obs_bad)=0.3047 | P(prior_bad)=0.3564 | support=0.2041
frame_id=   8 | P(obs_bad)=0.3074 | P(prior_bad)=0.3578 | support=0.1992
frame_id=   9 | P(obs_bad)=0.3083 | P(prior_bad)=0.3587 | support=0.2011
frame_id=  10 | P(obs_bad)=0.3160 | P(prior_bad)=0.3640 | support=0.1980
frame_id=  11 | P(obs_bad)=0.3094 | P(prior_bad)=0.3589 | support=0.1950
正在测试序列上运行 6 个 Baselines PK...
[bleach_hard_00_03_chaitanya_black10] manifest paths and SHA-256 values verified: 441 frames
[Recovery] ICP recovery succeeded. Fitness: 1.0
Counter({'MODE_1_ACCEPT': 430, 'MODE_3_BLACKOUT_WAITING': 10, 'MODE_3_RECOVERY_EXECUTE': 1})
black_start: 45 | frame: 54
black_end: 54 | frame: 63
recovery_index: 55 | frame: 64
computing recovery_latencies

所有的 11 项交付物已全部生成完毕！图片与 CSV 已成功保存！

正在评估 Episode: bleach_hard_00_03_chaitanya_black10_2 ...
正在载入 CSV 数据集并训练分类器...
训练集包含序列关键词: ['bleach0', 'mustard0'] | 行数: 4895
测试集 (单序列) 名称: bleach_hard_00_03_chaitanya_black10_2 | 行数: 441
测试集 (全量变体) 名称: bleach_hard_00_03_chaitanya | 行数: 3969
frame_id=   0 | P(obs_bad)=0.2924 | P(prior_bad)=0.3471 | support=0.2037
frame_id=   1 | P(obs_bad)=0.3022 | P(prior_bad)=0.3555 | support=0.2118
frame_id=   4 | P(obs_bad)=0.3019 | P(prior_bad)=0.3560 | support=0.2205
frame_id=   5 | P(obs_bad)=0.3090 | P(prior_bad)=0.3596 | support=0.2045
frame_id=   6 | P(obs_bad)=0.3127 | P(prior_bad)=0.3616 | support=0.1995
frame_id=   7 | P(obs_bad)=0.3037 | P(prior_bad)=0.3556 | support=0.2041
frame_id=   8 | P(obs_bad)=0.3072 | P(prior_bad)=0.3574 | support=0.1973
frame_id=   9 | P(obs_bad)=0.3081 | P(prior_bad)=0.3583 | support=0.1999
frame_id=  10 | P(obs_bad)=0.3154 | P(prior_bad)=0.3639 | support=0.2014
frame_id=  11 | P(obs_bad)=0.3096 | P(prior_bad)=0.3601 | support=0.2041
正在测试序列上运行 6 个 Baselines PK...
[bleach_hard_00_03_chaitanya_black10_2] manifest paths and SHA-256 values verified: 441 frames
[Recovery] ICP recovery succeeded. Fitness: 1.0
Counter({'MODE_1_ACCEPT': 430, 'MODE_3_BLACKOUT_WAITING': 10, 'MODE_3_RECOVERY_EXECUTE': 1})
black_start: 275 | frame: 330
black_end: 284 | frame: 339
recovery_index: 285 | frame: 340
computing recovery_latencies

所有的 11 项交付物已全部生成完毕！图片与 CSV 已成功保存！

正在评估 Episode: bleach_hard_00_03_chaitanya_black10_3 ...
正在载入 CSV 数据集并训练分类器...
训练集包含序列关键词: ['bleach0', 'mustard0'] | 行数: 4895
测试集 (单序列) 名称: bleach_hard_00_03_chaitanya_black10_3 | 行数: 441
测试集 (全量变体) 名称: bleach_hard_00_03_chaitanya | 行数: 3969
frame_id=   0 | P(obs_bad)=0.2921 | P(prior_bad)=0.3468 | support=0.2030
frame_id=   1 | P(obs_bad)=0.3024 | P(prior_bad)=0.3557 | support=0.2121
frame_id=   4 | P(obs_bad)=0.3021 | P(prior_bad)=0.3562 | support=0.2201
frame_id=   5 | P(obs_bad)=0.3096 | P(prior_bad)=0.3599 | support=0.2034
frame_id=   6 | P(obs_bad)=0.3129 | P(prior_bad)=0.3620 | support=0.2007
frame_id=   7 | P(obs_bad)=0.3039 | P(prior_bad)=0.3558 | support=0.2037
frame_id=   8 | P(obs_bad)=0.3071 | P(prior_bad)=0.3572 | support=0.1969
frame_id=   9 | P(obs_bad)=0.3079 | P(prior_bad)=0.3582 | support=0.1999
frame_id=  10 | P(obs_bad)=0.3155 | P(prior_bad)=0.3640 | support=0.2007
frame_id=  11 | P(obs_bad)=0.3081 | P(prior_bad)=0.3591 | support=0.2056
正在测试序列上运行 6 个 Baselines PK...
[bleach_hard_00_03_chaitanya_black10_3] manifest paths and SHA-256 values verified: 441 frames
[Recovery] ICP recovery succeeded. Fitness: 1.0
Counter({'MODE_1_ACCEPT': 430, 'MODE_3_BLACKOUT_WAITING': 10, 'MODE_3_RECOVERY_EXECUTE': 1})
black_start: 295 | frame: 350
black_end: 304 | frame: 359
recovery_index: 305 | frame: 360
computing recovery_latencies

所有的 11 项交付物已全部生成完毕！图片与 CSV 已成功保存！

正在评估 Episode: bleach_hard_00_03_chaitanya_black10_4 ...
正在载入 CSV 数据集并训练分类器...
训练集包含序列关键词: ['bleach0', 'mustard0'] | 行数: 4895
测试集 (单序列) 名称: bleach_hard_00_03_chaitanya_black10_4 | 行数: 441
测试集 (全量变体) 名称: bleach_hard_00_03_chaitanya | 行数: 3969
frame_id=   0 | P(obs_bad)=0.2925 | P(prior_bad)=0.3471 | support=0.2037
frame_id=   1 | P(obs_bad)=0.3027 | P(prior_bad)=0.3557 | support=0.2110
frame_id=   4 | P(obs_bad)=0.3018 | P(prior_bad)=0.3559 | support=0.2201
frame_id=   5 | P(obs_bad)=0.3090 | P(prior_bad)=0.3596 | support=0.2045
frame_id=   6 | P(obs_bad)=0.3123 | P(prior_bad)=0.3615 | support=0.2003
frame_id=   7 | P(obs_bad)=0.3040 | P(prior_bad)=0.3557 | support=0.2030
frame_id=   8 | P(obs_bad)=0.3064 | P(prior_bad)=0.3569 | support=0.1984
frame_id=   9 | P(obs_bad)=0.3089 | P(prior_bad)=0.3589 | support=0.1995
frame_id=  10 | P(obs_bad)=0.3158 | P(prior_bad)=0.3643 | support=0.2018
frame_id=  11 | P(obs_bad)=0.3092 | P(prior_bad)=0.3598 | support=0.2041
正在测试序列上运行 6 个 Baselines PK...
[bleach_hard_00_03_chaitanya_black10_4] manifest paths and SHA-256 values verified: 441 frames
[Recovery] ICP recovery succeeded. Fitness: 1.0
Counter({'MODE_1_ACCEPT': 430, 'MODE_3_BLACKOUT_WAITING': 10, 'MODE_3_RECOVERY_EXECUTE': 1})
black_start: 250 | frame: 295
black_end: 259 | frame: 304
recovery_index: 260 | frame: 305
computing recovery_latencies

所有的 11 项交付物已全部生成完毕！图片与 CSV 已成功保存！

正在评估 Episode: bleach_hard_00_03_chaitanya_black10_5 ...
正在载入 CSV 数据集并训练分类器...
训练集包含序列关键词: ['bleach0', 'mustard0'] | 行数: 4895
测试集 (单序列) 名称: bleach_hard_00_03_chaitanya_black10_5 | 行数: 441
测试集 (全量变体) 名称: bleach_hard_00_03_chaitanya | 行数: 3969
frame_id=   0 | P(obs_bad)=0.2924 | P(prior_bad)=0.3471 | support=0.2037
frame_id=   1 | P(obs_bad)=0.3022 | P(prior_bad)=0.3555 | support=0.2118
frame_id=   4 | P(obs_bad)=0.3017 | P(prior_bad)=0.3558 | support=0.2201
frame_id=   5 | P(obs_bad)=0.3086 | P(prior_bad)=0.3592 | support=0.2034
frame_id=   6 | P(obs_bad)=0.3143 | P(prior_bad)=0.3632 | support=0.2018
frame_id=   7 | P(obs_bad)=0.3039 | P(prior_bad)=0.3558 | support=0.2037
frame_id=   8 | P(obs_bad)=0.3032 | P(prior_bad)=0.3549 | support=0.2014
frame_id=   9 | P(obs_bad)=0.3063 | P(prior_bad)=0.3574 | support=0.2026
frame_id=  10 | P(obs_bad)=0.3137 | P(prior_bad)=0.3626 | support=0.2007
frame_id=  11 | P(obs_bad)=0.3078 | P(prior_bad)=0.3591 | support=0.2072
正在测试序列上运行 6 个 Baselines PK...
[bleach_hard_00_03_chaitanya_black10_5] manifest paths and SHA-256 values verified: 441 frames
[Recovery] ICP recovery succeeded. Fitness: 1.0
Counter({'MODE_1_ACCEPT': 430, 'MODE_3_BLACKOUT_WAITING': 10, 'MODE_3_RECOVERY_EXECUTE': 1})
black_start: 63 | frame: 72
black_end: 72 | frame: 81
recovery_index: 73 | frame: 82
computing recovery_latencies

所有的 11 项交付物已全部生成完毕！图片与 CSV 已成功保存！

====================================================================================================
====================================================================================================
Exact blackout frame intervals saved: ./checkpoint2_blackout_frame_intervals_threshold1.0.csv
 Paired AUC comparison 已保存: ./checkpoint2_paired_auc_B5_vs_B1_threshold1.0.csv
   paired mean Δ(B5-B1) = 0.0178 percentage points
   paired episode-bootstrap 95% CI = [-0.0858, 0.1410]
Paired recovery-frame validation 已保存: ./checkpoint2_paired_recovery_B5_vs_B1_threshold1.0.csv
   paired mean Δerror(B5-B1) = 2.5814 cm
   paired episode-bootstrap 95% CI = [0.0045, 5.1582]
5 大概率标定指标已成功导出为 CSV: ./checkpoint2_probability_calibration_metrics_threshold1.0.csv
全指标 Episode 级汇总表格已保存为: ./checkpoint2_full_metrics_episode_summary_bleach_hard_00_03_chaitanya_black10_threshold1.0.csv
Validated exact blackout intervals: ./reproduction_runs/run_20260821T133344Z_sourcehash/checkpoint2_blackout_frame_intervals_threshold1.0.csv
==========================================
Reproduction completed successfully.
Git commit: not_available
Outputs saved to: ./reproduction_runs/run_20260821T133344Z_sourcehash
The portable SHA-256 manifest will be generated after full_run.log is closed.
==========================================
