Persistent perception import/API check passed: sam2
Warp 1.17.0 initialized:
   CUDA Toolkit 12.9, Driver 13.2
   Devices:
     "cpu"      : "x86_64"
     "cuda:0"   : "NVIDIA GeForce RTX 4090 D" (24 GiB, sm_89, mempool enabled)
   Kernel cache:
     /root/.cache/warp/1.17.0
Persistent perception import/API check passed: foundationpose
Preflight passed: 22770 frames across 36 instances; 71051 verified files
Running: /root/autodl-tmp/conda-envs/b5-main/bin/python3.8 -u -B /root/autodl-tmp/se3TrackNet-B5-reproduction/all_runs/run_20260917T094822Z_236992_24438/04_q0_training/no_rollout_release/source/prepare_sam_cache.py --release /root/autodl-tmp/se3TrackNet-B5-reproduction/all_runs/run_20260917T094822Z_236992_24438/04_q0_training/no_rollout_release
[SAM2 EPISODE 1/81] bleach0_black10
[SAM2 CACHE HIT] bleach0_black10
[SAM2 EPISODE 2/81] bleach0_black10_2
[SAM2 CACHE HIT] bleach0_black10_2
[SAM2 EPISODE 3/81] bleach0_black10_3
[SAM2 CACHE HIT] bleach0_black10_3
[SAM2 EPISODE 4/81] bleach0_black10_4
[SAM2 CACHE HIT] bleach0_black10_4
[SAM2 EPISODE 5/81] bleach0_black10_5
[SAM2 CACHE HIT] bleach0_black10_5
[SAM2 EPISODE 6/81] bleach0_clean
[SAM2 CACHE HIT] bleach0_clean
[SAM2 EPISODE 7/81] bleach0_drop60
[SAM2 CACHE HIT] bleach0_drop60
[SAM2 EPISODE 8/81] bleach0_occ40
[SAM2 CACHE HIT] bleach0_occ40
[SAM2 EPISODE 9/81] bleach0_occ60
[SAM2 CACHE HIT] bleach0_occ60
[SAM2 EPISODE 10/81] bleach_hard_00_03_chaitanya_black10
[SAM2 CACHE HIT] bleach_hard_00_03_chaitanya_black10
[SAM2 EPISODE 11/81] bleach_hard_00_03_chaitanya_black10_2
[SAM2 CACHE HIT] bleach_hard_00_03_chaitanya_black10_2
[SAM2 EPISODE 12/81] bleach_hard_00_03_chaitanya_black10_3
[SAM2 CACHE HIT] bleach_hard_00_03_chaitanya_black10_3
[SAM2 EPISODE 13/81] bleach_hard_00_03_chaitanya_black10_4
[SAM2 CACHE HIT] bleach_hard_00_03_chaitanya_black10_4
[SAM2 EPISODE 14/81] bleach_hard_00_03_chaitanya_black10_5
[SAM2 CACHE HIT] bleach_hard_00_03_chaitanya_black10_5
[SAM2 EPISODE 15/81] bleach_hard_00_03_chaitanya_clean
[SAM2 CACHE HIT] bleach_hard_00_03_chaitanya_clean
[SAM2 EPISODE 16/81] bleach_hard_00_03_chaitanya_drop60
[SAM2 CACHE HIT] bleach_hard_00_03_chaitanya_drop60
[SAM2 EPISODE 17/81] bleach_hard_00_03_chaitanya_occ40
[SAM2 CACHE HIT] bleach_hard_00_03_chaitanya_occ40
[SAM2 EPISODE 18/81] bleach_hard_00_03_chaitanya_occ60
[SAM2 CACHE HIT] bleach_hard_00_03_chaitanya_occ60
[SAM2 EPISODE 19/81] cracker_box_reorient_black10
[SAM2 CACHE HIT] cracker_box_reorient_black10
[SAM2 EPISODE 20/81] cracker_box_reorient_black10_2
[SAM2 CACHE HIT] cracker_box_reorient_black10_2
[SAM2 EPISODE 21/81] cracker_box_reorient_black10_3
[SAM2 CACHE HIT] cracker_box_reorient_black10_3
[SAM2 EPISODE 22/81] cracker_box_reorient_black10_4
[SAM2 CACHE HIT] cracker_box_reorient_black10_4
[SAM2 EPISODE 23/81] cracker_box_reorient_black10_5
[SAM2 CACHE HIT] cracker_box_reorient_black10_5
[SAM2 EPISODE 24/81] cracker_box_reorient_clean
[SAM2 CACHE HIT] cracker_box_reorient_clean
[SAM2 EPISODE 25/81] cracker_box_reorient_drop60
[SAM2 CACHE HIT] cracker_box_reorient_drop60
[SAM2 EPISODE 26/81] cracker_box_reorient_occ40
[SAM2 CACHE HIT] cracker_box_reorient_occ40
[SAM2 EPISODE 27/81] cracker_box_reorient_occ60
[SAM2 CACHE HIT] cracker_box_reorient_occ60
[SAM2 EPISODE 28/81] cracker_box_yalehand0_black10
[SAM2 CACHE HIT] cracker_box_yalehand0_black10
[SAM2 EPISODE 29/81] cracker_box_yalehand0_black10_2
[SAM2 CACHE HIT] cracker_box_yalehand0_black10_2
[SAM2 EPISODE 30/81] cracker_box_yalehand0_black10_3
[SAM2 CACHE HIT] cracker_box_yalehand0_black10_3
[SAM2 EPISODE 31/81] cracker_box_yalehand0_black10_4
[SAM2 CACHE HIT] cracker_box_yalehand0_black10_4
[SAM2 EPISODE 32/81] cracker_box_yalehand0_black10_5
[SAM2 CACHE HIT] cracker_box_yalehand0_black10_5
[SAM2 EPISODE 33/81] cracker_box_yalehand0_clean
[SAM2 CACHE HIT] cracker_box_yalehand0_clean
[SAM2 EPISODE 34/81] cracker_box_yalehand0_drop60
[SAM2 CACHE HIT] cracker_box_yalehand0_drop60
[SAM2 EPISODE 35/81] cracker_box_yalehand0_occ40
[SAM2 CACHE HIT] cracker_box_yalehand0_occ40
[SAM2 EPISODE 36/81] cracker_box_yalehand0_occ60
[SAM2 CACHE HIT] cracker_box_yalehand0_occ60
[SAM2 EPISODE 37/81] mustard0_black10
[SAM2 CACHE HIT] mustard0_black10
[SAM2 EPISODE 38/81] mustard0_black10_2
[SAM2 CACHE HIT] mustard0_black10_2
[SAM2 EPISODE 39/81] mustard0_black10_3
[SAM2 CACHE HIT] mustard0_black10_3
[SAM2 EPISODE 40/81] mustard0_black10_4
[SAM2 CACHE HIT] mustard0_black10_4
[SAM2 EPISODE 41/81] mustard0_black10_5
[SAM2 CACHE HIT] mustard0_black10_5
[SAM2 EPISODE 42/81] mustard0_clean
[SAM2 CACHE HIT] mustard0_clean
[SAM2 EPISODE 43/81] mustard0_drop60
[SAM2 CACHE HIT] mustard0_drop60
[SAM2 EPISODE 44/81] mustard0_occ40
[SAM2 CACHE HIT] mustard0_occ40
[SAM2 EPISODE 45/81] mustard0_occ60
[SAM2 CACHE HIT] mustard0_occ60
[SAM2 EPISODE 46/81] mustard_easy_00_02_black10
[SAM2 CACHE HIT] mustard_easy_00_02_black10
[SAM2 EPISODE 47/81] mustard_easy_00_02_black10_2
[SAM2 CACHE HIT] mustard_easy_00_02_black10_2
[SAM2 EPISODE 48/81] mustard_easy_00_02_black10_3
[SAM2 CACHE HIT] mustard_easy_00_02_black10_3
[SAM2 EPISODE 49/81] mustard_easy_00_02_black10_4
[SAM2 CACHE HIT] mustard_easy_00_02_black10_4
[SAM2 EPISODE 50/81] mustard_easy_00_02_black10_5
[SAM2 CACHE HIT] mustard_easy_00_02_black10_5
[SAM2 EPISODE 51/81] mustard_easy_00_02_clean
[SAM2 CACHE HIT] mustard_easy_00_02_clean
[SAM2 EPISODE 52/81] mustard_easy_00_02_drop60
[SAM2 CACHE HIT] mustard_easy_00_02_drop60
[SAM2 EPISODE 53/81] mustard_easy_00_02_occ40
[SAM2 CACHE HIT] mustard_easy_00_02_occ40
[SAM2 EPISODE 54/81] mustard_easy_00_02_occ60
[SAM2 CACHE HIT] mustard_easy_00_02_occ60
[SAM2 EPISODE 55/81] sugar_box1_black10
[SAM2 CACHE HIT] sugar_box1_black10
[SAM2 EPISODE 56/81] sugar_box1_black10_2
[SAM2 CACHE HIT] sugar_box1_black10_2
[SAM2 EPISODE 57/81] sugar_box1_black10_3
[SAM2 CACHE HIT] sugar_box1_black10_3
[SAM2 EPISODE 58/81] sugar_box1_black10_4
[SAM2 CACHE HIT] sugar_box1_black10_4
[SAM2 EPISODE 59/81] sugar_box1_black10_5
[SAM2 CACHE HIT] sugar_box1_black10_5
[SAM2 EPISODE 60/81] sugar_box1_clean
[SAM2 CACHE HIT] sugar_box1_clean
[SAM2 EPISODE 61/81] sugar_box1_drop60
[SAM2 CACHE HIT] sugar_box1_drop60
[SAM2 EPISODE 62/81] sugar_box1_occ40
[SAM2 CACHE HIT] sugar_box1_occ40
[SAM2 EPISODE 63/81] sugar_box1_occ60
[SAM2 CACHE HIT] sugar_box1_occ60
[SAM2 EPISODE 64/81] sugar_box_yalehand0_black10
[SAM2 CACHE HIT] sugar_box_yalehand0_black10
[SAM2 EPISODE 65/81] sugar_box_yalehand0_black10_2
[SAM2 CACHE HIT] sugar_box_yalehand0_black10_2
[SAM2 EPISODE 66/81] sugar_box_yalehand0_black10_3
[SAM2 CACHE HIT] sugar_box_yalehand0_black10_3
[SAM2 EPISODE 67/81] sugar_box_yalehand0_black10_4
[SAM2 CACHE HIT] sugar_box_yalehand0_black10_4
[SAM2 EPISODE 68/81] sugar_box_yalehand0_black10_5
[SAM2 CACHE HIT] sugar_box_yalehand0_black10_5
[SAM2 EPISODE 69/81] sugar_box_yalehand0_clean
[SAM2 CACHE HIT] sugar_box_yalehand0_clean
[SAM2 EPISODE 70/81] sugar_box_yalehand0_drop60
[SAM2 CACHE HIT] sugar_box_yalehand0_drop60
[SAM2 EPISODE 71/81] sugar_box_yalehand0_occ40
[SAM2 CACHE HIT] sugar_box_yalehand0_occ40
[SAM2 EPISODE 72/81] sugar_box_yalehand0_occ60
[SAM2 CACHE HIT] sugar_box_yalehand0_occ60
[SAM2 EPISODE 73/81] tomato_soup_can_yalehand0_black10
[SAM2 CACHE HIT] tomato_soup_can_yalehand0_black10
[SAM2 EPISODE 74/81] tomato_soup_can_yalehand0_black10_2
[SAM2 CACHE HIT] tomato_soup_can_yalehand0_black10_2
[SAM2 EPISODE 75/81] tomato_soup_can_yalehand0_black10_3
[SAM2 CACHE HIT] tomato_soup_can_yalehand0_black10_3
[SAM2 EPISODE 76/81] tomato_soup_can_yalehand0_black10_4
[SAM2 CACHE HIT] tomato_soup_can_yalehand0_black10_4
[SAM2 EPISODE 77/81] tomato_soup_can_yalehand0_black10_5
[SAM2 CACHE HIT] tomato_soup_can_yalehand0_black10_5
[SAM2 EPISODE 78/81] tomato_soup_can_yalehand0_clean
[SAM2 CACHE HIT] tomato_soup_can_yalehand0_clean
[SAM2 EPISODE 79/81] tomato_soup_can_yalehand0_drop60
[SAM2 CACHE HIT] tomato_soup_can_yalehand0_drop60
[SAM2 EPISODE 80/81] tomato_soup_can_yalehand0_occ40
[SAM2 CACHE HIT] tomato_soup_can_yalehand0_occ40
[SAM2 EPISODE 81/81] tomato_soup_can_yalehand0_occ60
[SAM2 CACHE HIT] tomato_soup_can_yalehand0_occ60
SAM2 CACHE READY: /root/autodl-tmp/se3TrackNet-B5-reproduction/all_runs/run_20260917T094822Z_236992_24438/04_q0_training/no_rollout_release/sam2_cache_index.json
Running: /root/autodl-tmp/conda-envs/b5-main/bin/python3.8 -u -B /root/autodl-tmp/se3TrackNet-B5-reproduction/all_runs/run_20260917T094822Z_236992_24438/04_q0_training/no_rollout_release/source/2-risk_label.py --observer_config /root/autodl-tmp/se3TrackNet-B5-reproduction/all_runs/run_20260917T094822Z_236992_24438/04_q0_training/no_rollout_release/observer_config.json --final_fit --seed 42 --manifest_path /root/autodl-tmp/se3TrackNet-B5-reproduction/all_runs/run_20260917T094822Z_236992_24438/04_q0_training/no_rollout_release/reference_manifest.csv --ycb_dir /root/autodl-tmp/se3TrackNet-B5-reproduction/datasets/YCBInEOAT --data_dir /root/autodl-tmp/se3TrackNet-B5-reproduction/datasets/YCBInEOAT_Corrupted --res_dir /root/autodl-tmp/se3TrackNet-B5-reproduction/results_collection --mesh_path_root /root/autodl-tmp/se3TrackNet-B5-reproduction/datasets/YCB_Video_Models/CADmodels --target_seqs mustard_easy_00_02 mustard0 bleach0 bleach_hard_00_03_chaitanya --cad_models_seq 006_mustard_bottle 006_mustard_bottle 021_bleach_cleanser 021_bleach_cleanser --corruption_lists _clean _black10 _black10_2 _black10_3 _black10_4 _black10_5 _occ40 _occ60 _drop60 --train_fraction 0.7 --on_policy_refine_rounds 0 --risk_threshold 1.0 --prior_advantage_margin_cm 0.1 --blackout_min_frames 10 --foundationpose_refine_iter 5 --foundationpose_python /root/autodl-tmp/conda-envs/foundationpose/bin/python3.10 --foundationpose_dir /root/autodl-tmp/FoundationPose --foundationpose_refiner_weight /root/autodl-tmp/FoundationPose/weights/2023-10-28-18-33-37/model_best.pth --sam2_python /root/autodl-tmp/conda-envs/sam2/bin/python3.10 --sam2_dir /root/autodl-tmp/sam2 --sam2_config configs/sam2.1/sam2.1_hiera_s.yaml --sam2_checkpoint /root/autodl-tmp/sam2/checkpoints/sam2.1_hiera_small.pt --sam2_cache_root /root/autodl-tmp/se3TrackNet-B5-reproduction/all_run/sam2_masks --shared_model_out /root/autodl-tmp/se3TrackNet-B5-reproduction/all_runs/run_20260917T094822Z_236992_24438/04_q0_training/no_rollout_release/artifacts/shared_pose_quality_model.joblib --shared_scaler_out /root/autodl-tmp/se3TrackNet-B5-reproduction/all_runs/run_20260917T094822Z_236992_24438/04_q0_training/no_rollout_release/artifacts/shared_pose_quality_scaler.joblib --shared_calibrator_out /root/autodl-tmp/se3TrackNet-B5-reproduction/all_runs/run_20260917T094822Z_236992_24438/04_q0_training/no_rollout_release/artifacts/shared_risk_calibrator.joblib --shared_config_out /root/autodl-tmp/se3TrackNet-B5-reproduction/all_runs/run_20260917T094822Z_236992_24438/04_q0_training/no_rollout_release/artifacts/shared_quality_config.json
Manifest artifact verification passed: 70840 unique files
Object 006_mustard_bottle: D_obj=22.442 cm
Object 006_mustard_bottle: D_obj=22.442 cm
Object 021_bleach_cleanser: D_obj=27.882 cm
Object 021_bleach_cleanser: D_obj=27.882 cm

=== Shared pose-quality training: final development fit or held-out fold ===
held-out: None
train bases: ['mustard_easy_00_02', 'mustard0', 'bleach0', 'bleach_hard_00_03_chaitanya']
Stage 0 q0 (obs-only seed): {'train_samples': 15921, 'cal_samples': 6849, 'train_mae_cm': 6.377882593721318, 'cal_mae_cm': 10.437588131736726, 'cal_risk_auroc': 0.9958680729458207, 'p_risk_threshold': 0.6, 'threshold_balanced_accuracy': 0.9722733474686632}
[FINAL frozen rollout] mustard_easy_00_02_clean
[FINAL frozen rollout] mustard_easy_00_02_black10
[FINAL frozen rollout] mustard_easy_00_02_black10_2
[FINAL frozen rollout] mustard_easy_00_02_black10_3
[FINAL frozen rollout] mustard_easy_00_02_black10_4
[FINAL frozen rollout] mustard_easy_00_02_black10_5
[FINAL frozen rollout] mustard_easy_00_02_occ40
[FINAL frozen rollout] mustard_easy_00_02_occ60
[FINAL frozen rollout] mustard_easy_00_02_drop60
[FINAL frozen rollout] mustard0_clean
[FINAL frozen rollout] mustard0_black10
[FINAL frozen rollout] mustard0_black10_2
[FINAL frozen rollout] mustard0_black10_3
[FINAL frozen rollout] mustard0_black10_4
[FINAL frozen rollout] mustard0_black10_5
[FINAL frozen rollout] mustard0_occ40
[FINAL frozen rollout] mustard0_occ60
[FINAL frozen rollout] mustard0_drop60
[FINAL frozen rollout] bleach0_clean
[FINAL frozen rollout] bleach0_black10
[FINAL frozen rollout] bleach0_black10_2
[FINAL frozen rollout] bleach0_black10_3
[FINAL frozen rollout] bleach0_black10_4
[FINAL frozen rollout] bleach0_black10_5
[FINAL frozen rollout] bleach0_occ40
[FINAL frozen rollout] bleach0_occ60
[FINAL frozen rollout] bleach0_drop60
[FINAL frozen rollout] bleach_hard_00_03_chaitanya_clean
[FINAL frozen rollout] bleach_hard_00_03_chaitanya_black10
[FINAL frozen rollout] bleach_hard_00_03_chaitanya_black10_2
[FINAL frozen rollout] bleach_hard_00_03_chaitanya_black10_3
[FINAL frozen rollout] bleach_hard_00_03_chaitanya_black10_4
[FINAL frozen rollout] bleach_hard_00_03_chaitanya_black10_5
[FINAL frozen rollout] bleach_hard_00_03_chaitanya_occ40
[FINAL frozen rollout] bleach_hard_00_03_chaitanya_occ60
[FINAL frozen rollout] bleach_hard_00_03_chaitanya_drop60

========================================================================
FINAL shared-quality label generation complete
held-out base      : None
train bases        : ['mustard_easy_00_02', 'mustard0', 'bleach0', 'bleach_hard_00_03_chaitanya']
rows / episodes    : 22770 / 36
p_risk_threshold   : 0.6000
advantage margin cm: 0.1000
label CSV          : ./per_frame_label_threshold1.0.csv
shared artifacts   : {'scaler': '/root/autodl-tmp/se3TrackNet-B5-reproduction/all_runs/run_20260917T094822Z_236992_24438/04_q0_training/no_rollout_release/artifacts/shared_pose_quality_scaler.joblib', 'model': '/root/autodl-tmp/se3TrackNet-B5-reproduction/all_runs/run_20260917T094822Z_236992_24438/04_q0_training/no_rollout_release/artifacts/shared_pose_quality_model.joblib', 'calibrator': '/root/autodl-tmp/se3TrackNet-B5-reproduction/all_runs/run_20260917T094822Z_236992_24438/04_q0_training/no_rollout_release/artifacts/shared_risk_calibrator.joblib', 'config': '/root/autodl-tmp/se3TrackNet-B5-reproduction/all_runs/run_20260917T094822Z_236992_24438/04_q0_training/no_rollout_release/artifacts/shared_quality_config.json'}
IMPORTANT: GT generated E_obs/E_prior only; it never entered B5 decisions.
========================================================================
Frozen final-development release: /root/autodl-tmp/se3TrackNet-B5-reproduction/all_runs/run_20260917T094822Z_236992_24438/04_q0_training/no_rollout_release
NO_ROLLOUT_RELEASE=/root/autodl-tmp/se3TrackNet-B5-reproduction/all_runs/run_20260917T094822Z_236992_24438/04_q0_training/no_rollout_release
