artifacts/shared_pose_quality_model.joblib: OK
artifacts/shared_pose_quality_scaler.joblib: OK
artifacts/shared_quality_config.json: OK
artifacts/shared_risk_calibrator.joblib: OK
class_balance_summary_threshold1.0.csv: OK
effective_config.json: OK
foundationpose_pip_freeze.txt: OK
input_hashes.json: OK
label_p_obs_threshold.json: OK
label_p_prior_threshold.json: OK
manifest_config.json: OK
pair_state_summary_threshold1.0.csv: OK
per_frame_label_threshold1.0.csv: OK
reference_manifest.csv: OK
risk_quadrant_summary_threshold1.0.csv: OK
sam2_pip_freeze.txt: OK
sequence_inventory.json: OK
source/0-corruption.py: OK
source/1-build_dataset_manifest_all.py: OK
source/2-risk_label.py: OK
source/3-train_evaluation.py: OK
source/Utils.py: OK
source/b5_policy.py: OK
source/blender_dataset_generator.py: OK
source/blender_main.py: OK
source/data_augmentation.py: OK
source/datasets.py: OK
source/eval_ycb.py: OK
source/eval_ycbineoat.py: OK
source/network_modules.py: OK
source/offscreen_renderer.py: OK
source/predict.py: OK
source/predict_ros.py: OK
source/problems.py: OK
source/produce_train_pair_data.py: OK
source/run_train.py: OK
source/run_train.sh: OK
source/se3_tracknet.py: OK
source/train.py: OK
source/train_release.py: OK
source/vispy_renderer.py: OK
training.log: OK
training_pip_freeze.txt: OK
FROZEN.json: OK
